PRT1
18
35
4 0 4 (1056 1024 64 ) (1920 1024 64 ) (1920 1024 768 ) (1056 1024 768 ) 
4 0 5 (1024 1024 768 ) (1024 1024 64 ) (1056 1024 64 ) (1056 1024 768 ) 
4 0 3 (1920 1024 2112 ) (1024 1024 2112 ) (1024 1024 768 ) (1920 1024 768 ) 
4 0 1 (1024 1024 64 ) (1024 1024 2112 ) (1024 1920 2112 ) (1024 1920 64 ) 
4 1 9 (1024 1024 64 ) (1024 1024 2112 ) (0 1024 2112 ) (0 1024 64 ) 
4 1 2 (0 1024 64 ) (0 1024 2112 ) (0 1920 2112 ) (0 1920 64 ) 
4 2 11 (-32 1024 2112 ) (-896 1024 2112 ) (-896 1024 64 ) (-32 1024 64 ) 
4 2 10 (0 1024 64 ) (0 1024 2112 ) (-32 1024 2112 ) (-32 1024 64 ) 
4 3 9 (1024 1024 2112 ) (1024 1024 768 ) (1024 64 768 ) (1024 64 2112 ) 
4 3 6 (1024 64 2112 ) (1024 64 1088 ) (1920 64 1088 ) (1920 64 2112 ) 
4 3 4 (1056 256 768 ) (1056 1024 768 ) (1920 1024 768 ) (1920 256 768 ) 
4 3 5 (1056 64 768 ) (1024 64 768 ) (1024 1024 768 ) (1056 1024 768 ) 
4 4 5 (1056 1024 64 ) (1056 256 64 ) (1056 256 768 ) (1056 1024 768 ) 
4 5 9 (1024 1024 768 ) (1024 1024 64 ) (1024 64 64 ) (1024 64 768 ) 
4 6 9 (1024 0 1088 ) (1024 0 2112 ) (1024 64 2112 ) (1024 64 1088 ) 
4 6 8 (1024 0 2080 ) (1024 0 1088 ) (1920 0 1088 ) (1920 0 2080 ) 
4 6 7 (1024 0 2112 ) (1024 0 2080 ) (1920 0 2080 ) (1920 0 2112 ) 
4 7 14 (1024 -448 2112 ) (1024 0 2112 ) (1024 0 2080 ) (1024 -448 2080 ) 
4 7 8 (1024 -192 2080 ) (1024 0 2080 ) (1920 0 2080 ) (1920 -192 2080 ) 
4 8 15 (1024 -192 2080 ) (1024 0 2080 ) (1024 0 1088 ) (1024 -192 1088 ) 
4 9 15 (1024 0 1088 ) (1024 0 2080 ) (0 0 2080 ) (0 0 1088 ) 
4 9 14 (1024 0 2080 ) (1024 0 2112 ) (0 0 2112 ) (0 0 2080 ) 
4 9 13 (0 0 1088 ) (0 0 2112 ) (0 64 2112 ) (0 64 1088 ) 
4 9 10 (0 1024 2112 ) (0 1024 64 ) (0 64 64 ) (0 64 2112 ) 
4 10 13 (0 64 1088 ) (0 64 2112 ) (-32 64 2112 ) (-32 64 1088 ) 
4 10 12 (-32 64 768 ) (-32 64 2112 ) (-32 256 2112 ) (-32 256 768 ) 
4 10 11 (-32 1024 64 ) (-32 256 64 ) (-32 256 2112 ) (-32 1024 2112 ) 
4 11 12 (-32 256 768 ) (-32 256 2112 ) (-896 256 2112 ) (-896 256 768 ) 
4 12 13 (-896 64 2112 ) (-896 64 1088 ) (-32 64 1088 ) (-32 64 2112 ) 
4 13 17 (0 0 1088 ) (0 0 2080 ) (-896 0 2080 ) (-896 0 1088 ) 
4 13 16 (0 0 2080 ) (0 0 2112 ) (-896 0 2112 ) (-896 0 2080 ) 
4 14 16 (0 0 2112 ) (0 0 2080 ) (0 -448 2080 ) (0 -448 2112 ) 
4 14 15 (0 -192 2080 ) (0 0 2080 ) (1024 0 2080 ) (1024 -192 2080 ) 
4 15 17 (0 0 2080 ) (0 0 1088 ) (0 -192 1088 ) (0 -192 2080 ) 
4 16 17 (-896 -192 2080 ) (-896 0 2080 ) (0 0 2080 ) (0 -192 2080 ) 
