


materialPath: C:\Program Files (x86)\Steam\steamapps\sourcemods\concrete\materials
Loading C:\Program Files (x86)\Steam\steamapps\sourcemods\concrete\maps\intro01.vmf
fixing up env_cubemap materials on brush sides...
0...1...2...3...4...5...6...7...8...9...100...1...2...3...4...5...6...7...8...9...10Processing areas...done (0)
Building Faces...done (0)
Chop Details...done (0)
Find Visible Detail Sides...
Merged 14 detail faces...done (0)
Merging details...done (0)
FixTjuncs...
PruneNodes...
WriteBSP...
done (0)
writing C:\Program Files (x86)\Steam\steamapps\sourcemods\concrete\maps\intro01.prt...Building visibility clusters...
done (0)
Finding displacement neighbors...
Finding lightmap sample positions...
Displacement Alpha : 0...1...2...3...4...5...6...7...8...9...10
Building Physics collision data...
done (0) (8141 bytes)
Placing static props...
Placing detail props : 0...1...2...3...4...5...6...7...8...9...10
Compacting texture/material tables...
Reduced 16 texinfos to 9
Reduced 4 texdatas to 4 (87 bytes to 87)
Writing C:\Program Files (x86)\Steam\steamapps\sourcemods\concrete\maps\intro01.bsp
0 seconds elapsed



12 threads
reading c:\program files (x86)\steam\steamapps\sourcemods\concrete\maps\intro01.bsp
reading c:\program files (x86)\steam\steamapps\sourcemods\concrete\maps\intro01.prt
  18 portalclusters
  34 numportals
0...1...2...3...4...5...6...7...8...9...100...1...2...3...4...5...6...7...8...9...10Optimized: 0 visible clusters (0.00%)
Total clusters visible: 324
Average clusters visible: 18
Building PAS...
Average clusters audible: 18
visdatasize:256  compressed from 288
writing c:\program files (x86)\steam\steamapps\sourcemods\concrete\maps\intro01.bsp
0 seconds elapsed



[Reading texlights from 'lights.rad']
[48 texlights parsed from 'lights.rad']

Loading c:\program files (x86)\steam\steamapps\sourcemods\concrete\maps\intro01.bsp
193 faces
234705 square feet [33797632.00 square inches]
0 Displacements
0 Square Feet [0.00 Square Inches]
193 patches before subdivision
9253 patches after subdivision
2 direct lights
0...1...2...3...4...5...6...7...8...9...100...1...2...3...4...5...6...7...8...9...10transfers 388083, max 243
transfer lists:   3.0 megs
0...1...2...3...4...5...6...7...8...9...10	Bounce #1 added RGB(2883, 2028, 1084)
0...1...2...3...4...5...6...7...8...9...10	Bounce #2 added RGB(560, 136, 1)
0...1...2...3...4...5...6...7...8...9...10	Bounce #3 added RGB(114, 8, 0)
0...1...2...3...4...5...6...7...8...9...10	Bounce #4 added RGB(27, 1, 0)
0...1...2...3...4...5...6...7...8...9...10	Bounce #5 added RGB(7, 0, 0)
0...1...2...3...4...5...6...7...8...9...10	Bounce #6 added RGB(2, 0, 0)
0...1...2...3...4...5...6...7...8...9...10	Bounce #7 added RGB(0, 0, 0)
Build Patch/Sample Hash Table(s).....Done<0.0019 sec>
0...1...2...3...4...5...6...7...8...9...10FinalLightFace Done
0 of 0 (0% of) surface lights went in leaf ambient cubes.
0...1...2...3...4...5...6...7...8...9...10Writing leaf ambient...done
Ready to Finish

Object names       Objects/Maxobjs  Memory / Maxmem  Fullness 
------------       ---------------  ---------------  -------- 
models                   1/4096           48/196608   ( 0.0%) 
brushes                 22/32768         264/393216   ( 0.1%) 
brushsides             132/65536        1056/524288   ( 0.2%) 
planes                  96/65536        1920/1310720  ( 0.1%) 
vertexes               307/65536        3684/786432   ( 0.5%) 
nodes                   76/65536        2432/2097152  ( 0.1%) 
texinfos                 9/12288         648/884736   ( 0.1%) 
texdata                  4/2048          128/65536    ( 0.2%) 
dispinfos                0/0               0/0        ( 0.0%) 
disp_verts               0/0               0/0        ( 0.0%) 
disp_tris                0/0               0/0        ( 0.0%) 
disp_lmsamples           0/0               0/0        ( 0.0%) 
faces                  193/65536       10808/3670016  ( 0.3%) 
hdr faces              193/65536       10808/3670016  ( 0.3%) 
origfaces               46/65536        2576/3670016  ( 0.1%) 
leaves                  78/65536        2496/2097152  ( 0.1%) 
leaffaces              229/65536         458/131072   ( 0.3%) 
leafbrushes             72/65536         144/131072   ( 0.1%) 
areas                    2/1024           16/8192     ( 0.2%) 
surfedges             1044/512000       4176/2048000  ( 0.2%) 
edges                  608/256000       2432/1024000  ( 0.2%) 
LDR worldlights          0/16384           0/1441792  ( 0.0%) 
HDR worldlights          2/16384         176/1441792  ( 0.0%) 
leafwaterdata            0/32768           0/393216   ( 0.0%) 
waterstrips              5/131072         50/1310720  ( 0.0%) 
waterverts               0/131072          0/1572864  ( 0.0%) 
waterindices            78/131072        156/262144   ( 0.1%) 
cubemapsamples           0/1024            0/16384    ( 0.0%) 
overlays                 0/1024            0/360448   ( 0.0%) 
LDR lightdata         [variable]           0/0        ( 0.0%) 
HDR lightdata         [variable]      235720/0        ( 0.0%) 
visdata               [variable]         256/16777216 ( 0.0%) 
entdata               [variable]         955/393216   ( 0.2%) 
LDR ambient table       78/65536         312/262144   ( 0.1%) 
HDR ambient table       78/65536         312/262144   ( 0.1%) 
LDR leaf ambient        78/65536        2184/1835008  ( 0.1%) 
HDR leaf ambient       233/65536        6524/1835008  ( 0.4%) 
occluders                0/0               0/0        ( 0.0%) 
occluder polygons        0/0               0/0        ( 0.0%) 
occluder vert ind        0/0               0/0        ( 0.0%) 
detail props          [variable]           1/12       ( 8.3%) 
static props          [variable]           1/12       ( 8.3%) 
pakfile               [variable]          54/0        ( 0.0%) 
physics               [variable]        8141/4194304  ( 0.2%) 
physics terrain       [variable]           2/1048576  ( 0.0%) 

Level flags = 2

Total triangle count: 474
Writing c:\program files (x86)\steam\steamapps\sourcemods\concrete\maps\intro01.bsp
0 seconds elapsed



materialPath: C:\Program Files (x86)\Steam\steamapps\sourcemods\concrete\materials
Loading C:\Program Files (x86)\Steam\steamapps\sourcemods\concrete\maps\intro01.vmf
fixing up env_cubemap materials on brush sides...
0...1...2...3...4...5...6...7...8...9...100...1...2...3...4...5...6...7...8...9...10Processing areas...done (0)
Building Faces...done (0)
Chop Details...done (0)
Find Visible Detail Sides...
Merged 14 detail faces...done (0)
Merging details...done (0)
FixTjuncs...
PruneNodes...
WriteBSP...
done (0)
writing C:\Program Files (x86)\Steam\steamapps\sourcemods\concrete\maps\intro01.prt...Building visibility clusters...
done (0)
Finding displacement neighbors...
Finding lightmap sample positions...
Displacement Alpha : 0...1...2...3...4...5...6...7...8...9...10
Building Physics collision data...
done (0) (8141 bytes)
Placing static props...
Placing detail props : 0...1...2...3...4...5...6...7...8...9...10
Compacting texture/material tables...
Reduced 29 texinfos to 20
Reduced 6 texdatas to 5 (141 bytes to 115)
Writing C:\Program Files (x86)\Steam\steamapps\sourcemods\concrete\maps\intro01.bsp
0 seconds elapsed



12 threads
reading c:\program files (x86)\steam\steamapps\sourcemods\concrete\maps\intro01.bsp
reading c:\program files (x86)\steam\steamapps\sourcemods\concrete\maps\intro01.prt
  18 portalclusters
  35 numportals
0...1...2...3...4...5...6...7...8...9...100...1...2...3...4...5...6...7...8...9...10Optimized: 0 visible clusters (0.00%)
Total clusters visible: 324
Average clusters visible: 18
Building PAS...
Average clusters audible: 18
visdatasize:256  compressed from 288
writing c:\program files (x86)\steam\steamapps\sourcemods\concrete\maps\intro01.bsp
0 seconds elapsed



[Reading texlights from 'lights.rad']
[48 texlights parsed from 'lights.rad']

Loading c:\program files (x86)\steam\steamapps\sourcemods\concrete\maps\intro01.bsp
170 faces
222844 square feet [32089600.00 square inches]
0 Displacements
0 Square Feet [0.00 Square Inches]
170 patches before subdivision
7706 patches after subdivision
2 direct lights
0...1...2...3...4...5...6...7...8...9...100...1...2...3...4...5...6...7...8...9...10transfers 305570, max 242
transfer lists:   2.3 megs
0...1...2...3...4...5...6...7...8...9...10	Bounce #1 added RGB(2031, 1954, 1567)
0...1...2...3...4...5...6...7...8...9...10	Bounce #2 added RGB(404, 150, 2)
0...1...2...3...4...5...6...7...8...9...10	Bounce #3 added RGB(81, 12, 0)
0...1...2...3...4...5...6...7...8...9...10	Bounce #4 added RGB(22, 1, 0)
0...1...2...3...4...5...6...7...8...9...10	Bounce #5 added RGB(6, 0, 0)
0...1...2...3...4...5...6...7...8...9...10	Bounce #6 added RGB(2, 0, 0)
0...1...2...3...4...5...6...7...8...9...10	Bounce #7 added RGB(0, 0, 0)
Build Patch/Sample Hash Table(s).....Done<0.0017 sec>
0...1...2...3...4...5...6...7...8...9...10FinalLightFace Done
0 of 0 (0% of) surface lights went in leaf ambient cubes.
0...1...2...3...4...5...6...7...8...9...10Writing leaf ambient...done
Ready to Finish

Object names       Objects/Maxobjs  Memory / Maxmem  Fullness 
------------       ---------------  ---------------  -------- 
models                   1/4096           48/196608   ( 0.0%) 
brushes                 22/32768         264/393216   ( 0.1%) 
brushsides             132/65536        1056/524288   ( 0.2%) 
planes                  96/65536        1920/1310720  ( 0.1%) 
vertexes               291/65536        3492/786432   ( 0.4%) 
nodes                   75/65536        2400/2097152  ( 0.1%) 
texinfos                20/12288        1440/884736   ( 0.2%) 
texdata                  5/2048          160/65536    ( 0.2%) 
dispinfos                0/0               0/0        ( 0.0%) 
disp_verts               0/0               0/0        ( 0.0%) 
disp_tris                0/0               0/0        ( 0.0%) 
disp_lmsamples           0/0               0/0        ( 0.0%) 
faces                  170/65536        9520/3670016  ( 0.3%) 
hdr faces              170/65536        9520/3670016  ( 0.3%) 
origfaces               40/65536        2240/3670016  ( 0.1%) 
leaves                  77/65536        2464/2097152  ( 0.1%) 
leaffaces              204/65536         408/131072   ( 0.3%) 
leafbrushes             72/65536         144/131072   ( 0.1%) 
areas                    2/1024           16/8192     ( 0.2%) 
surfedges              917/512000       3668/2048000  ( 0.2%) 
edges                  565/256000       2260/1024000  ( 0.2%) 
LDR worldlights          0/16384           0/1441792  ( 0.0%) 
HDR worldlights          2/16384         176/1441792  ( 0.0%) 
leafwaterdata            0/32768           0/393216   ( 0.0%) 
waterstrips              7/131072         70/1310720  ( 0.0%) 
waterverts               0/131072          0/1572864  ( 0.0%) 
waterindices           102/131072        204/262144   ( 0.1%) 
cubemapsamples           0/1024            0/16384    ( 0.0%) 
overlays                 0/1024            0/360448   ( 0.0%) 
LDR lightdata         [variable]           0/0        ( 0.0%) 
HDR lightdata         [variable]      206576/0        ( 0.0%) 
visdata               [variable]         256/16777216 ( 0.0%) 
entdata               [variable]         955/393216   ( 0.2%) 
LDR ambient table       77/65536         308/262144   ( 0.1%) 
HDR ambient table       77/65536         308/262144   ( 0.1%) 
LDR leaf ambient        77/65536        2156/1835008  ( 0.1%) 
HDR leaf ambient       229/65536        6412/1835008  ( 0.3%) 
occluders                0/0               0/0        ( 0.0%) 
occluder polygons        0/0               0/0        ( 0.0%) 
occluder vert ind        0/0               0/0        ( 0.0%) 
detail props          [variable]           1/12       ( 8.3%) 
static props          [variable]           1/12       ( 8.3%) 
pakfile               [variable]          54/0        ( 0.0%) 
physics               [variable]        8141/4194304  ( 0.2%) 
physics terrain       [variable]           2/1048576  ( 0.0%) 

Level flags = 2

Total triangle count: 417
Writing c:\program files (x86)\steam\steamapps\sourcemods\concrete\maps\intro01.bsp
0 seconds elapsed



materialPath: C:\Program Files (x86)\Steam\steamapps\sourcemods\concrete\materials
Loading C:\Program Files (x86)\Steam\steamapps\sourcemods\concrete\maps\intro01.vmf
fixing up env_cubemap materials on brush sides...
0...1...2...3...4...5...6...7...8...9...10**** leaked ****
Entity light_environment (448.00 608.00 72.00) leaked!
--- MAP LEAKED ---



8 threads
reading c:\program files (x86)\steam\steamapps\sourcemods\concrete\maps\intro01.bsp
reading c:\program files (x86)\steam\steamapps\sourcemods\concrete\maps\intro01.prt
LoadPortals: couldn't read c:\program files (x86)\steam\steamapps\sourcemods\concrete\maps\intro01.prt



materialPath: C:\Program Files (x86)\Steam\steamapps\sourcemods\concrete\materials
Loading C:\Program Files (x86)\Steam\steamapps\sourcemods\concrete\maps\intro01.vmf
fixing up env_cubemap materials on brush sides...
0...1...2...3...4...5...6...7...8...9...10**** leaked ****
Entity light_environment (448.00 608.00 72.00) leaked!
--- MAP LEAKED ---



8 threads
reading c:\program files (x86)\steam\steamapps\sourcemods\concrete\maps\intro01.bsp
reading c:\program files (x86)\steam\steamapps\sourcemods\concrete\maps\intro01.prt
LoadPortals: couldn't read c:\program files (x86)\steam\steamapps\sourcemods\concrete\maps\intro01.prt



materialPath: C:\Program Files (x86)\Steam\steamapps\sourcemods\concrete\materials
Loading C:\Program Files (x86)\Steam\steamapps\sourcemods\concrete\maps\intro01.vmf
fixing up env_cubemap materials on brush sides...
0...1...2...3...4...5...6...7...8...9...10**** leaked ****
Entity light_environment (448.00 608.00 72.00) leaked!
--- MAP LEAKED ---



8 threads
reading c:\program files (x86)\steam\steamapps\sourcemods\concrete\maps\intro01.bsp
reading c:\program files (x86)\steam\steamapps\sourcemods\concrete\maps\intro01.prt
LoadPortals: couldn't read c:\program files (x86)\steam\steamapps\sourcemods\concrete\maps\intro01.prt



materialPath: C:\Program Files (x86)\Steam\steamapps\sourcemods\concrete\materials
Loading C:\Program Files (x86)\Steam\steamapps\sourcemods\concrete\maps\intro01.vmf
fixing up env_cubemap materials on brush sides...
0...1...2...3...4...5...6...7...8...9...100...1...2...3...4...5...6...7...8...9...10Processing areas...done (0)
Building Faces...done (0)
Chop Details...done (0)
Find Visible Detail Sides...
Merged 90 detail faces...done (0)
Merging details...done (0)
FixTjuncs...
PruneNodes...
WriteBSP...
done (0)
writing C:\Program Files (x86)\Steam\steamapps\sourcemods\concrete\maps\intro01.prt...Building visibility clusters...
done (0)
Finding displacement neighbors...
Finding lightmap sample positions...
Displacement Alpha : 0...1...2...3...4...5...6...7...8...9...10
Building Physics collision data...
done (0) (18109 bytes)
Placing static props...
Placing detail props : 0...1...2...3...4...5...6...7...8...9...10
Compacting texture/material tables...
Reduced 46 texinfos to 29
Reduced 10 texdatas to 8 (268 bytes to 196)
Writing C:\Program Files (x86)\Steam\steamapps\sourcemods\concrete\maps\intro01.bsp
0 seconds elapsed



8 threads
reading c:\program files (x86)\steam\steamapps\sourcemods\concrete\maps\intro01.bsp
reading c:\program files (x86)\steam\steamapps\sourcemods\concrete\maps\intro01.prt
  15 portalclusters
  27 numportals
0...1...2...3...4...5...6...7...8...9...100...1...2...3...4...5...6...7...8...9...10Optimized: 0 visible clusters (0.00%)
Total clusters visible: 225
Average clusters visible: 15
Building PAS...
Average clusters audible: 15
visdatasize:184  compressed from 240
writing c:\program files (x86)\steam\steamapps\sourcemods\concrete\maps\intro01.bsp
0 seconds elapsed



[Reading texlights from 'lights.rad']
[48 texlights parsed from 'lights.rad']

Loading c:\program files (x86)\steam\steamapps\sourcemods\concrete\maps\intro01.bsp
228 faces
312387 square feet [44983808.00 square inches]
0 Displacements
0 Square Feet [0.00 Square Inches]
228 patches before subdivision
11046 patches after subdivision
2 direct lights
0...1...2...3...4...5...6...7...8...9...100...1...2...3...4...5...6...7...8...9...10transfers 380715, max 251
transfer lists:   2.9 megs
0...1...2...3...4...5...6...7...8...9...10	Bounce #1 added RGB(2126, 1947, 1519)
0...1...2...3...4...5...6...7...8...9...10	Bounce #2 added RGB(422, 155, 3)
0...1...2...3...4...5...6...7...8...9...10	Bounce #3 added RGB(83, 12, 0)
0...1...2...3...4...5...6...7...8...9...10	Bounce #4 added RGB(23, 1, 0)
0...1...2...3...4...5...6...7...8...9...10	Bounce #5 added RGB(6, 0, 0)
0...1...2...3...4...5...6...7...8...9...10	Bounce #6 added RGB(2, 0, 0)
0...1...2...3...4...5...6...7...8...9...10	Bounce #7 added RGB(1, 0, 0)
Build Patch/Sample Hash Table(s).....Done<0.0035 sec>
0...1...2...3...4...5...6...7...8...9...10FinalLightFace Done
0 of 0 (0% of) surface lights went in leaf ambient cubes.
0...1...2...3...4...5...6...7...8...9...10Writing leaf ambient...done
Ready to Finish

Object names       Objects/Maxobjs  Memory / Maxmem  Fullness 
------------       ---------------  ---------------  -------- 
models                   1/4096           48/196608   ( 0.0%) 
brushes                 58/32768         696/393216   ( 0.2%) 
brushsides             378/65536        3024/524288   ( 0.6%) 
planes                 166/65536        3320/1310720  ( 0.3%) 
vertexes               388/65536        4656/786432   ( 0.6%) 
nodes                   70/65536        2240/2097152  ( 0.1%) 
texinfos                29/12288        2088/884736   ( 0.2%) 
texdata                  8/2048          256/65536    ( 0.4%) 
dispinfos                0/0               0/0        ( 0.0%) 
disp_verts               0/0               0/0        ( 0.0%) 
disp_tris                0/0               0/0        ( 0.0%) 
disp_lmsamples           0/0               0/0        ( 0.0%) 
faces                  228/65536       12768/3670016  ( 0.3%) 
hdr faces              228/65536       12768/3670016  ( 0.3%) 
origfaces               60/65536        3360/3670016  ( 0.1%) 
leaves                  72/65536        2304/2097152  ( 0.1%) 
leaffaces              281/65536         562/131072   ( 0.4%) 
leafbrushes            122/65536         244/131072   ( 0.2%) 
areas                    2/1024           16/8192     ( 0.2%) 
surfedges             1291/512000       5164/2048000  ( 0.3%) 
edges                  820/256000       3280/1024000  ( 0.3%) 
LDR worldlights          0/16384           0/1441792  ( 0.0%) 
HDR worldlights          2/16384         176/1441792  ( 0.0%) 
leafwaterdata            0/32768           0/393216   ( 0.0%) 
waterstrips             19/131072        190/1310720  ( 0.0%) 
waterverts               0/131072          0/1572864  ( 0.0%) 
waterindices           273/131072        546/262144   ( 0.2%) 
cubemapsamples           0/1024            0/16384    ( 0.0%) 
overlays                 0/1024            0/360448   ( 0.0%) 
LDR lightdata         [variable]           0/0        ( 0.0%) 
HDR lightdata         [variable]      663676/0        ( 0.0%) 
visdata               [variable]         184/16777216 ( 0.0%) 
entdata               [variable]         955/393216   ( 0.2%) 
LDR ambient table       72/65536         288/262144   ( 0.1%) 
HDR ambient table       72/65536         288/262144   ( 0.1%) 
LDR leaf ambient        72/65536        2016/1835008  ( 0.1%) 
HDR leaf ambient       148/65536        4144/1835008  ( 0.2%) 
occluders                0/0               0/0        ( 0.0%) 
occluder polygons        0/0               0/0        ( 0.0%) 
occluder vert ind        0/0               0/0        ( 0.0%) 
detail props          [variable]           1/12       ( 8.3%) 
static props          [variable]           1/12       ( 8.3%) 
pakfile               [variable]         374/0        ( 0.0%) 
physics               [variable]       18109/4194304  ( 0.4%) 
physics terrain       [variable]           2/1048576  ( 0.0%) 

Level flags = 2

Total triangle count: 606
Writing c:\program files (x86)\steam\steamapps\sourcemods\concrete\maps\intro01.bsp
1 second elapsed



materialPath: C:\Program Files (x86)\Steam\steamapps\sourcemods\concrete\materials
Loading C:\Program Files (x86)\Steam\steamapps\sourcemods\concrete\maps\intro01.vmf
fixing up env_cubemap materials on brush sides...
0...1...2...3...4...5...6...7...8...9...100...1...2...3...4...5...6...7...8...9...10Processing areas...done (0)
Building Faces...done (0)
Chop Details...done (0)
Find Visible Detail Sides...
Merged 90 detail faces...done (0)
Merging details...done (0)
FixTjuncs...
PruneNodes...
WriteBSP...
done (0)
writing C:\Program Files (x86)\Steam\steamapps\sourcemods\concrete\maps\intro01.prt...Building visibility clusters...
done (0)
Finding displacement neighbors...
Finding lightmap sample positions...
Displacement Alpha : 0...1...2...3...4...5...6...7...8...9...10
Building Physics collision data...
done (0) (18109 bytes)
Placing static props...
Placing detail props : 0...1...2...3...4...5...6...7...8...9...10
Compacting texture/material tables...
Reduced 46 texinfos to 29
Reduced 10 texdatas to 8 (268 bytes to 196)
Writing C:\Program Files (x86)\Steam\steamapps\sourcemods\concrete\maps\intro01.bsp
0 seconds elapsed



8 threads
reading c:\program files (x86)\steam\steamapps\sourcemods\concrete\maps\intro01.bsp
reading c:\program files (x86)\steam\steamapps\sourcemods\concrete\maps\intro01.prt
  15 portalclusters
  27 numportals
0...1...2...3...4...5...6...7...8...9...100...1...2...3...4...5...6...7...8...9...10Optimized: 0 visible clusters (0.00%)
Total clusters visible: 225
Average clusters visible: 15
Building PAS...
Average clusters audible: 15
visdatasize:184  compressed from 240
writing c:\program files (x86)\steam\steamapps\sourcemods\concrete\maps\intro01.bsp
0 seconds elapsed



[Reading texlights from 'lights.rad']
[48 texlights parsed from 'lights.rad']

Loading c:\program files (x86)\steam\steamapps\sourcemods\concrete\maps\intro01.bsp
228 faces
312387 square feet [44983808.00 square inches]
0 Displacements
0 Square Feet [0.00 Square Inches]
228 patches before subdivision
11046 patches after subdivision
2 direct lights
0...1...2...3...4...5...6...7...8...9...100...1...2...3...4...5...6...7...8...9...10transfers 380715, max 251
transfer lists:   2.9 megs
0...1...2...3...4...5...6...7...8...9...10	Bounce #1 added RGB(2126, 1947, 1519)
0...1...2...3...4...5...6...7...8...9...10	Bounce #2 added RGB(422, 155, 3)
0...1...2...3...4...5...6...7...8...9...10	Bounce #3 added RGB(83, 12, 0)
0...1...2...3...4...5...6...7...8...9...10	Bounce #4 added RGB(23, 1, 0)
0...1...2...3...4...5...6...7...8...9...10	Bounce #5 added RGB(6, 0, 0)
0...1...2...3...4...5...6...7...8...9...10	Bounce #6 added RGB(2, 0, 0)
0...1...2...3...4...5...6...7...8...9...10	Bounce #7 added RGB(1, 0, 0)
Build Patch/Sample Hash Table(s).....Done<0.0046 sec>
0...1...2...3...4...5...6...7...8...9...10FinalLightFace Done
0 of 0 (0% of) surface lights went in leaf ambient cubes.
0...1...2...3...4...5...6...7...8...9...10Writing leaf ambient...done
Ready to Finish

Object names       Objects/Maxobjs  Memory / Maxmem  Fullness 
------------       ---------------  ---------------  -------- 
models                   1/4096           48/196608   ( 0.0%) 
brushes                 58/32768         696/393216   ( 0.2%) 
brushsides             378/65536        3024/524288   ( 0.6%) 
planes                 166/65536        3320/1310720  ( 0.3%) 
vertexes               388/65536        4656/786432   ( 0.6%) 
nodes                   70/65536        2240/2097152  ( 0.1%) 
texinfos                29/12288        2088/884736   ( 0.2%) 
texdata                  8/2048          256/65536    ( 0.4%) 
dispinfos                0/0               0/0        ( 0.0%) 
disp_verts               0/0               0/0        ( 0.0%) 
disp_tris                0/0               0/0        ( 0.0%) 
disp_lmsamples           0/0               0/0        ( 0.0%) 
faces                  228/65536       12768/3670016  ( 0.3%) 
hdr faces              228/65536       12768/3670016  ( 0.3%) 
origfaces               60/65536        3360/3670016  ( 0.1%) 
leaves                  72/65536        2304/2097152  ( 0.1%) 
leaffaces              281/65536         562/131072   ( 0.4%) 
leafbrushes            122/65536         244/131072   ( 0.2%) 
areas                    2/1024           16/8192     ( 0.2%) 
surfedges             1291/512000       5164/2048000  ( 0.3%) 
edges                  820/256000       3280/1024000  ( 0.3%) 
LDR worldlights          0/16384           0/1441792  ( 0.0%) 
HDR worldlights          2/16384         176/1441792  ( 0.0%) 
leafwaterdata            0/32768           0/393216   ( 0.0%) 
waterstrips             19/131072        190/1310720  ( 0.0%) 
waterverts               0/131072          0/1572864  ( 0.0%) 
waterindices           273/131072        546/262144   ( 0.2%) 
cubemapsamples           0/1024            0/16384    ( 0.0%) 
overlays                 0/1024            0/360448   ( 0.0%) 
LDR lightdata         [variable]           0/0        ( 0.0%) 
HDR lightdata         [variable]      663676/0        ( 0.0%) 
visdata               [variable]         184/16777216 ( 0.0%) 
entdata               [variable]         955/393216   ( 0.2%) 
LDR ambient table       72/65536         288/262144   ( 0.1%) 
HDR ambient table       72/65536         288/262144   ( 0.1%) 
LDR leaf ambient        72/65536        2016/1835008  ( 0.1%) 
HDR leaf ambient       148/65536        4144/1835008  ( 0.2%) 
occluders                0/0               0/0        ( 0.0%) 
occluder polygons        0/0               0/0        ( 0.0%) 
occluder vert ind        0/0               0/0        ( 0.0%) 
detail props          [variable]           1/12       ( 8.3%) 
static props          [variable]           1/12       ( 8.3%) 
pakfile               [variable]         374/0        ( 0.0%) 
physics               [variable]       18109/4194304  ( 0.4%) 
physics terrain       [variable]           2/1048576  ( 0.0%) 

Level flags = 2

Total triangle count: 606
Writing c:\program files (x86)\steam\steamapps\sourcemods\concrete\maps\intro01.bsp
1 second elapsed
